// Jest Snapshot v1, https://goo.gl/fbAQLP

exports[`ChartContainer component should match snapshot 1`] = `ReactWrapper {}`;
